// Jest Snapshot v1, https://goo.gl/fbAQLP

exports[`[Component] Checkbox should render the component 1`] = `
ShallowWrapper {
  Symbol(enzyme.__root__): [Circular],
  Symbol(enzyme.__unrendered__): <CheckBoxComponent
    fontColor="#cccccc"
    fontSize="12px"
    label="Test label"
    name="test-name"
/>,
  Symbol(enzyme.__renderer__): Object {
    "batchedUpdates": [Function],
    "getNode": [Function],
    "render": [Function],
    "simulateError": [Function],
    "simulateEvent": [Function],
    "unmount": [Function],
  },
  Symbol(enzyme.__node__): Object {
    "instance": null,
    "key": undefined,
    "nodeType": "class",
    "props": Object {
      "children": Array [
        <styled.input
          id="test-name-input-checkbox"
          name="test-name"
/>,
        <styled.label
          fontColor="#cccccc"
          fontSize="12px"
          htmlFor="test-name-input-checkbox"
>
          Test label
</styled.label>,
      ],
    },
    "ref": null,
    "rendered": Array [
      Object {
        "instance": null,
        "key": undefined,
        "nodeType": "class",
        "props": Object {
          "id": "test-name-input-checkbox",
          "name": "test-name",
        },
        "ref": null,
        "rendered": null,
        "type": [Function],
      },
      Object {
        "instance": null,
        "key": undefined,
        "nodeType": "class",
        "props": Object {
          "children": "Test label",
          "fontColor": "#cccccc",
          "fontSize": "12px",
          "htmlFor": "test-name-input-checkbox",
        },
        "ref": null,
        "rendered": "Test label",
        "type": [Function],
      },
    ],
    "type": [Function],
  },
  Symbol(enzyme.__nodes__): Array [
    Object {
      "instance": null,
      "key": undefined,
      "nodeType": "class",
      "props": Object {
        "children": Array [
          <styled.input
            id="test-name-input-checkbox"
            name="test-name"
/>,
          <styled.label
            fontColor="#cccccc"
            fontSize="12px"
            htmlFor="test-name-input-checkbox"
>
            Test label
</styled.label>,
        ],
      },
      "ref": null,
      "rendered": Array [
        Object {
          "instance": null,
          "key": undefined,
          "nodeType": "class",
          "props": Object {
            "id": "test-name-input-checkbox",
            "name": "test-name",
          },
          "ref": null,
          "rendered": null,
          "type": [Function],
        },
        Object {
          "instance": null,
          "key": undefined,
          "nodeType": "class",
          "props": Object {
            "children": "Test label",
            "fontColor": "#cccccc",
            "fontSize": "12px",
            "htmlFor": "test-name-input-checkbox",
          },
          "ref": null,
          "rendered": "Test label",
          "type": [Function],
        },
      ],
      "type": [Function],
    },
  ],
  Symbol(enzyme.__options__): Object {
    "adapter": ReactSixteenAdapter {
      "options": Object {
        "enableComponentDidUpdateOnSetState": true,
        "lifecycles": Object {
          "componentDidUpdate": Object {
            "onSetState": true,
          },
          "getDerivedStateFromProps": true,
          "getSnapshotBeforeUpdate": true,
          "setState": Object {
            "skipsComponentDidUpdateOnNullish": true,
          },
        },
      },
    },
    "attachTo": undefined,
    "hydrateIn": undefined,
  },
}
`;
